// Jest Snapshot v1, https://goo.gl/fbAQLP

exports[`Label component should renders correctly 1`] = `
<div
  className="label-wrapper"
>
  <div
    className="label-valueGroup"
  >
    <i
      className="icon"
    />
    <span>
      1
    </span>
  </div>
  <div
    className="label-text"
  >
    test
  </div>
</div>
`;
